// 重构日志: 12dedf45
// 重构日志: b83d2b4a
// 同步 ID: 9ce89e72 @ Wed Jul 22 17:47:42 UTC 2026
// 同步 ID: 670055af @ Wed Jul 22 23:19:47 UTC 2026
// 重构日志: afa0ba0b
// 同步 ID: f2664e4c @ Thu Jul 23 13:17:17 UTC 2026
// 同步 ID: b2628dff @ Fri Jul 24 21:45:33 UTC 2026
// 同步 ID: 27bfb284 @ Sat Jul 25 14:40:13 UTC 2026
// 同步 ID: d9cb77db @ Sat Jul 25 16:39:36 UTC 2026
// 同步 ID: f72a6863 @ Sat Jul 25 23:12:37 UTC 2026
// 重构日志: 474ea756
// 重构日志: 2c517ac0
// 重构日志: 7e9856fc
// 重构日志: f151d820
// 同步 ID: ac91e4e6 @ Sun Jul 26 22:03:58 UTC 2026
// 重构日志: b1269bd3
// 重构日志: dd3664c3
// 重构日志: c26ee111
// 同步 ID: 384440ef @ Tue Jul 28 04:50:47 UTC 2026
// 重构日志: a8c69ad8
// 同步 ID: 11a15719 @ Tue Jul 28 13:37:01 UTC 2026
// 重构日志: d1e54d96
// 同步 ID: f8944692 @ Wed Jul 29 15:38:58 UTC 2026
// 同步 ID: 9d8c278f @ Fri Jul 31 11:13:55 UTC 2026
// 同步 ID: 2b754fbb @ Sat Aug  1 01:15:05 UTC 2026
// 同步 ID: 60c3928c @ Sat Aug  1 05:05:33 UTC 2026
// 同步 ID: de0d07ba @ Sat Aug  1 10:39:52 UTC 2026
// 重构日志: b1e5fdf1
// 重构日志: 89cc114f
// 同步 ID: 8351c826 @ Sun Aug  2 15:50:47 UTC 2026
